============================= test session starts =============================
platform win32 -- Python 3.14.3, pytest-9.0.2, pluggy-1.6.0
rootdir: C:\Users\krash\OneDrive\Desktop\Project\backend
configfile: pytest.ini
plugins: anyio-4.12.1, asyncio-1.3.0
asyncio: mode=Mode.AUTO, debug=False, asyncio_default_fixture_loop_scope=None, asyncio_default_test_loop_scope=function
collected 20 items

backend\tests\test_api_endpoints.py .....F..                             [ 40%]
backend\tests\test_appointment_service.py .........                      [ 85%]
backend\tests\test_concurrency.py FFF                                    [100%]

============================== warnings summary ===============================
backend\src\api\schemas.py:13
  C:\Users\krash\OneDrive\Desktop\Project\backend\src\api\schemas.py:13: PydanticDeprecatedSince20: Support for class-based `config` is deprecated, use ConfigDict instead. Deprecated in Pydantic V2.0 to be removed in V3.0. See Pydantic V2 Migration Guide at https://errors.pydantic.dev/2.12/migration/
    class AvailabilitySlotResponse(BaseModel):

backend\src\api\schemas.py:44
  C:\Users\krash\OneDrive\Desktop\Project\backend\src\api\schemas.py:44: PydanticDeprecatedSince20: Support for class-based `config` is deprecated, use ConfigDict instead. Deprecated in Pydantic V2.0 to be removed in V3.0. See Pydantic V2 Migration Guide at https://errors.pydantic.dev/2.12/migration/
    class AppointmentResponse(BaseModel):

backend\src\main.py:64
tests/test_api_endpoints.py::TestHealthEndpoint::test_health_check
tests/test_api_endpoints.py::TestAvailabilityEndpoint::test_get_availability
tests/test_api_endpoints.py::TestBookingEndpoint::test_book_appointment_requires_idempotency_key
tests/test_api_endpoints.py::TestBookingEndpoint::test_book_appointment_invalid_email
tests/test_api_endpoints.py::TestBookingEndpoint::test_book_appointment_missing_name
tests/test_api_endpoints.py::TestCancelEndpoint::test_cancel_nonexistent_appointment
tests/test_api_endpoints.py::TestAppointmentListEndpoint::test_list_appointments_requires_email
tests/test_api_endpoints.py::TestAppointmentListEndpoint::test_list_appointments_valid_email
  C:\Users\krash\OneDrive\Desktop\Project\backend\src\main.py:64: DeprecationWarning: 
          on_event is deprecated, use lifespan event handlers instead.
  
          Read more about it in the
          [FastAPI docs for Lifespan Events](https://fastapi.tiangolo.com/advanced/events/).
          
    @app.on_event("startup")

.venv\Lib\site-packages\fastapi\applications.py:4599
tests/test_api_endpoints.py::TestHealthEndpoint::test_health_check
tests/test_api_endpoints.py::TestAvailabilityEndpoint::test_get_availability
tests/test_api_endpoints.py::TestBookingEndpoint::test_book_appointment_requires_idempotency_key
tests/test_api_endpoints.py::TestBookingEndpoint::test_book_appointment_invalid_email
tests/test_api_endpoints.py::TestBookingEndpoint::test_book_appointment_missing_name
tests/test_api_endpoints.py::TestCancelEndpoint::test_cancel_nonexistent_appointment
tests/test_api_endpoints.py::TestAppointmentListEndpoint::test_list_appointments_requires_email
tests/test_api_endpoints.py::TestAppointmentListEndpoint::test_list_appointments_valid_email
  C:\Users\krash\OneDrive\Desktop\Project\.venv\Lib\site-packages\fastapi\applications.py:4599: DeprecationWarning: 
          on_event is deprecated, use lifespan event handlers instead.
  
          Read more about it in the
          [FastAPI docs for Lifespan Events](https://fastapi.tiangolo.com/advanced/events/).
          
    return self.router.on_event(event_type)

tests/test_api_endpoints.py::TestHealthEndpoint::test_health_check
  C:\Users\krash\OneDrive\Desktop\Project\.venv\Lib\site-packages\pydantic\main.py:250: DeprecationWarning: datetime.datetime.utcnow() is deprecated and scheduled for removal in a future version. Use timezone-aware objects to represent datetimes in UTC: datetime.datetime.now(datetime.UTC).
    validated_self = self.__pydantic_validator__.validate_python(data, self_instance=self)

tests/test_api_endpoints.py: 42 warnings
tests/test_appointment_service.py: 27 warnings
tests/test_concurrency.py: 3 warnings
  C:\Users\krash\OneDrive\Desktop\Project\.venv\Lib\site-packages\sqlalchemy\sql\schema.py:3624: DeprecationWarning: datetime.datetime.utcnow() is deprecated and scheduled for removal in a future version. Use timezone-aware objects to represent datetimes in UTC: datetime.datetime.now(datetime.UTC).
    return util.wrap_callable(lambda ctx: fn(), fn)  # type: ignore

tests/test_api_endpoints.py: 42 warnings
  C:\Users\krash\OneDrive\Desktop\Project\backend\src\api\routes.py:61: PydanticDeprecatedSince20: The `from_orm` method is deprecated; set `model_config['from_attributes']=True` and use `model_validate` instead. Deprecated in Pydantic V2.0 to be removed in V3.0. See Pydantic V2 Migration Guide at https://errors.pydantic.dev/2.12/migration/
    slots=[AvailabilitySlotResponse.from_orm(slot) for slot in slots],

tests/test_appointment_service.py::TestBookAppointment::test_book_appointment_success
tests/test_appointment_service.py::TestBookAppointment::test_double_booking_prevention
tests/test_appointment_service.py::TestBookAppointment::test_idempotency_same_key
tests/test_appointment_service.py::TestBookAppointment::test_notification_queued
tests/test_appointment_service.py::TestCancelAppointment::test_cancel_confirmed_appointment
tests/test_appointment_service.py::TestCancelAppointment::test_cancel_idempotent
tests/test_appointment_service.py::TestCancelAppointment::test_cancel_queues_notification
tests/test_appointment_service.py::TestGetAppointment::test_get_existing_appointment
  C:\Users\krash\OneDrive\Desktop\Project\backend\src\services\appointment_service.py:101: DeprecationWarning: datetime.datetime.utcnow() is deprecated and scheduled for removal in a future version. Use timezone-aware objects to represent datetimes in UTC: datetime.datetime.now(datetime.UTC).
    confirmed_at=datetime.utcnow()

tests/test_appointment_service.py::TestBookAppointment::test_book_appointment_success
tests/test_appointment_service.py::TestBookAppointment::test_double_booking_prevention
tests/test_appointment_service.py::TestBookAppointment::test_idempotency_same_key
tests/test_appointment_service.py::TestBookAppointment::test_notification_queued
tests/test_appointment_service.py::TestCancelAppointment::test_cancel_confirmed_appointment
tests/test_appointment_service.py::TestCancelAppointment::test_cancel_idempotent
tests/test_appointment_service.py::TestCancelAppointment::test_cancel_queues_notification
tests/test_appointment_service.py::TestGetAppointment::test_get_existing_appointment
  C:\Users\krash\OneDrive\Desktop\Project\backend\src\services\appointment_service.py:120: DeprecationWarning: datetime.datetime.utcnow() is deprecated and scheduled for removal in a future version. Use timezone-aware objects to represent datetimes in UTC: datetime.datetime.now(datetime.UTC).
    "confirmed_at": datetime.utcnow().isoformat()

tests/test_appointment_service.py::TestCancelAppointment::test_cancel_confirmed_appointment
tests/test_appointment_service.py::TestCancelAppointment::test_cancel_idempotent
tests/test_appointment_service.py::TestCancelAppointment::test_cancel_queues_notification
  C:\Users\krash\OneDrive\Desktop\Project\backend\src\services\appointment_service.py:193: DeprecationWarning: datetime.datetime.utcnow() is deprecated and scheduled for removal in a future version. Use timezone-aware objects to represent datetimes in UTC: datetime.datetime.now(datetime.UTC).
    appointment.cancelled_at = datetime.utcnow()

tests/test_appointment_service.py::TestCancelAppointment::test_cancel_confirmed_appointment
tests/test_appointment_service.py::TestCancelAppointment::test_cancel_idempotent
tests/test_appointment_service.py::TestCancelAppointment::test_cancel_queues_notification
  C:\Users\krash\OneDrive\Desktop\Project\backend\src\services\appointment_service.py:206: DeprecationWarning: datetime.datetime.utcnow() is deprecated and scheduled for removal in a future version. Use timezone-aware objects to represent datetimes in UTC: datetime.datetime.now(datetime.UTC).
    "cancelled_at": datetime.utcnow().isoformat()

-- Docs: https://docs.pytest.org/en/stable/how-to/capture-warnings.html
=========================== short test summary info ===========================
FAILED backend\tests\test_api_endpoints.py::TestCancelEndpoint::test_cancel_nonexistent_appointment
FAILED backend\tests\test_concurrency.py::TestConcurrentBooking::test_concurrent_bookings_same_slot
FAILED backend\tests\test_concurrency.py::TestConcurrentBooking::test_sequential_then_concurrent_booking
FAILED backend\tests\test_concurrency.py::TestConcurrentCancellation::test_concurrent_cancellations_idempotent
================= 4 failed, 16 passed, 157 warnings in 1.82s ==================
